// Jest Snapshot v1, https://goo.gl/fbAQLP

exports[`renders correctly 1`] = `
<View
  style={
    Array [
      Object {
        "alignItems": "center",
        "backgroundColor": "#178c58",
        "display": "flex",
        "height": "100%",
        "justifyContent": "center",
      },
    ]
  }
>
  <Text
    style={
      Array [
        Object {
          "color": "#c6c013",
          "fontFamily": "Pacifico-Regular",
          "fontSize": 60,
          "marginBottom": 40,
          "paddingBottom": 0,
          "paddingLeft": 10,
          "paddingRight": 10,
          "paddingTop": 0,
        },
        Object {
          "opacity": 0,
          "transform": Array [
            Object {
              "translateY": -40,
            },
          ],
        },
      ]
    }
  >
    LigaPay
  </Text>
  <TextInput
    allowFontScaling={true}
    placeholder="UsuÃ¡rio"
    rejectResponderTermination={true}
    style={
      Array [
        Object {
          "backgroundColor": "#fff",
          "borderRadius": 2,
          "elevation": 2,
          "height": 38,
          "marginBottom": 10,
          "paddingBottom": 0,
          "paddingLeft": 10,
          "paddingRight": 10,
          "paddingTop": 0,
          "textAlign": "center",
          "width": 210,
        },
        Object {
          "opacity": 0,
          "transform": Array [
            Object {
              "translateX": -40,
            },
          ],
        },
      ]
    }
    underlineColorAndroid="transparent"
  />
  <TextInput
    allowFontScaling={true}
    placeholder="Senha"
    rejectResponderTermination={true}
    secureTextEntry={true}
    style={
      Array [
        Object {
          "backgroundColor": "#fff",
          "borderRadius": 2,
          "elevation": 2,
          "height": 38,
          "marginBottom": 10,
          "paddingBottom": 0,
          "paddingLeft": 10,
          "paddingRight": 10,
          "paddingTop": 0,
          "textAlign": "center",
          "width": 210,
        },
        Object {
          "opacity": 0,
          "transform": Array [
            Object {
              "translateX": 40,
            },
          ],
        },
      ]
    }
    underlineColorAndroid="transparent"
  />
  <View
    style={
      Array [
        Object {
          "alignItems": "center",
          "backgroundColor": "#ffbcbc",
          "borderColor": "red",
          "borderWidth": 1,
          "height": 100,
          "justifyContent": "center",
          "margin": 10,
          "width": 300,
        },
        undefined,
      ]
    }
  >
    <Text
      style={
        Object {
          "color": "#333333",
          "margin": 20,
        }
      }
    >
      TouchableNativeFeedback is not supported on this platform!
    </Text>
  </View>
</View>
`;
